16:15:25 **** Build of configuration Debug for project 11_SystickTimer ****
make -j4 all 
arm-none-eabi-gcc "../Src/adc.c" -mcpu=cortex-m4 -std=gnu11 -g3 -DDEBUG -DSTM32L4 -DSTM32 -DSTM32L476RGTx -DSTM32L476xx -c -I../Inc -I/home/daniel/Documents/STM32BareaMetalCourse/chip_headers/CMSIS/Include -I/home/daniel/Documents/STM32BareaMetalCourse/chip_headers/CMSIS/Device/ST/STM32L4xx/Include -O0 -ffunction-sections -fdata-sections -Wall -fstack-usage -MMD -MP -MF"Src/adc.d" -MT"Src/adc.o" --specs=nano.specs -mfpu=fpv4-sp-d16 -mfloat-abi=hard -mthumb -o "Src/adc.o"
arm-none-eabi-gcc "../Src/main.c" -mcpu=cortex-m4 -std=gnu11 -g3 -DDEBUG -DSTM32L4 -DSTM32 -DSTM32L476RGTx -DSTM32L476xx -c -I../Inc -I/home/daniel/Documents/STM32BareaMetalCourse/chip_headers/CMSIS/Include -I/home/daniel/Documents/STM32BareaMetalCourse/chip_headers/CMSIS/Device/ST/STM32L4xx/Include -O0 -ffunction-sections -fdata-sections -Wall -fstack-usage -MMD -MP -MF"Src/main.d" -MT"Src/main.o" --specs=nano.specs -mfpu=fpv4-sp-d16 -mfloat-abi=hard -mthumb -o "Src/main.o"
arm-none-eabi-gcc "../Src/syscalls.c" -mcpu=cortex-m4 -std=gnu11 -g3 -DDEBUG -DSTM32L4 -DSTM32 -DSTM32L476RGTx -DSTM32L476xx -c -I../Inc -I/home/daniel/Documents/STM32BareaMetalCourse/chip_headers/CMSIS/Include -I/home/daniel/Documents/STM32BareaMetalCourse/chip_headers/CMSIS/Device/ST/STM32L4xx/Include -O0 -ffunction-sections -fdata-sections -Wall -fstack-usage -MMD -MP -MF"Src/syscalls.d" -MT"Src/syscalls.o" --specs=nano.specs -mfpu=fpv4-sp-d16 -mfloat-abi=hard -mthumb -o "Src/syscalls.o"
arm-none-eabi-gcc "../Src/sysmem.c" -mcpu=cortex-m4 -std=gnu11 -g3 -DDEBUG -DSTM32L4 -DSTM32 -DSTM32L476RGTx -DSTM32L476xx -c -I../Inc -I/home/daniel/Documents/STM32BareaMetalCourse/chip_headers/CMSIS/Include -I/home/daniel/Documents/STM32BareaMetalCourse/chip_headers/CMSIS/Device/ST/STM32L4xx/Include -O0 -ffunction-sections -fdata-sections -Wall -fstack-usage -MMD -MP -MF"Src/sysmem.d" -MT"Src/sysmem.o" --specs=nano.specs -mfpu=fpv4-sp-d16 -mfloat-abi=hard -mthumb -o "Src/sysmem.o"
arm-none-eabi-gcc "../Src/systick.c" -mcpu=cortex-m4 -std=gnu11 -g3 -DDEBUG -DSTM32L4 -DSTM32 -DSTM32L476RGTx -DSTM32L476xx -c -I../Inc -I/home/daniel/Documents/STM32BareaMetalCourse/chip_headers/CMSIS/Include -I/home/daniel/Documents/STM32BareaMetalCourse/chip_headers/CMSIS/Device/ST/STM32L4xx/Include -O0 -ffunction-sections -fdata-sections -Wall -fstack-usage -MMD -MP -MF"Src/systick.d" -MT"Src/systick.o" --specs=nano.specs -mfpu=fpv4-sp-d16 -mfloat-abi=hard -mthumb -o "Src/systick.o"
arm-none-eabi-gcc "../Src/uart.c" -mcpu=cortex-m4 -std=gnu11 -g3 -DDEBUG -DSTM32L4 -DSTM32 -DSTM32L476RGTx -DSTM32L476xx -c -I../Inc -I/home/daniel/Documents/STM32BareaMetalCourse/chip_headers/CMSIS/Include -I/home/daniel/Documents/STM32BareaMetalCourse/chip_headers/CMSIS/Device/ST/STM32L4xx/Include -O0 -ffunction-sections -fdata-sections -Wall -fstack-usage -MMD -MP -MF"Src/uart.d" -MT"Src/uart.o" --specs=nano.specs -mfpu=fpv4-sp-d16 -mfloat-abi=hard -mthumb -o "Src/uart.o"
arm-none-eabi-gcc -o "11_SystickTimer.elf" @"objects.list"   -mcpu=cortex-m4 -T"/home/daniel/STM32CubeIDE/11_SystickTimer/STM32L476RGTX_FLASH.ld" --specs=nosys.specs -Wl,-Map="11_SystickTimer.map" -Wl,--gc-sections -static --specs=nano.specs -mfpu=fpv4-sp-d16 -mfloat-abi=hard -mthumb -Wl,--start-group -lc -lm -Wl,--end-group
Finished building target: 11_SystickTimer.elf
 
arm-none-eabi-size   11_SystickTimer.elf 
arm-none-eabi-objdump -h -S  11_SystickTimer.elf  > "11_SystickTimer.list"
   text	   data	    bss	    dec	    hex	filename
   5704	    108	   1588	   7400	   1ce8	11_SystickTimer.elf
Finished building: default.size.stdout
 
Finished building: 11_SystickTimer.list
 

16:15:27 Build Finished. 0 errors, 0 warnings. (took 1s.356ms)

